lsmod
systemctl
systemctl --type=service --state=active
cat /etc/modules
cat /etc/modules-load.d/modules.conf
/lib/modules/4.4.194/kernel/drivers/...

----------------------------------------------------------------------------------------------------------------------
lsmod is a command on Linux systems. It shows which loadable kernel modules are currently loaded.

khadas@Khadas:~$ lsmod

	Module                  Size  Used by
	zram                   24576  4
	aufs                  237568  0
	bcmdhd               1220608  0
	
----------------------------------------------------------------------------------------------------------------------
When you run the systemctl command without any arguments, it will display a list of all loaded systemd units

khadas@Khadas:~$ systemctl

	  UNIT                        LOAD   ACTIVE SUB       DESCRIPTION
	  sys-devices-platform-fe300000.ethernet-net-eth0.device loaded active plugged
	  sys-devices-platform-fe310000.dwmmc-mmc_host-mmc2-mmc2:0001-mmc2:0001:2-net-wl
	  sys-devices-platform-fe330000.sdhci-mmc_host-mmc1-mmc1:0001-block-mmcblk1-mmcb
	  sys-devices-platform-fe330000.sdhci-mmc_host-mmc1-mmc1:0001-block-mmcblk1-mmcb
	  sys-devices-platform-fe330000.sdhci-mmc_host-mmc1-mmc1:0001-block-mmcblk1-mmcb
	  sys-devices-platform-fe330000.sdhci-mmc_host-mmc1-mmc1:0001-block-mmcblk1-mmcb
	  sys-devices-platform-fe330000.sdhci-mmc_host-mmc1-mmc1:0001-block-mmcblk1-mmcb
	  sys-devices-platform-fe330000.sdhci-mmc_host-mmc1-mmc1:0001-block-mmcblk1-mmcb
	  sys-devices-platform-fe330000.sdhci-mmc_host-mmc1-mmc1:0001-block-mmcblk1-mmcb
	  sys-devices-platform-fe330000.sdhci-mmc_host-mmc1-mmc1:0001-block-mmcblk1-mmcb
	  sys-devices-platform-fe330000.sdhci-mmc_host-mmc1-mmc1:0001-block-mmcblk1-mmcb
	  sys-devices-platform-fe330000.sdhci-mmc_host-mmc1-mmc1:0001-block-mmcblk1-mmcb
	  sys-devices-platform-fe330000.sdhci-mmc_host-mmc1-mmc1:0001-block-mmcblk1.devi
	  sys-devices-platform-ff180000.serial-tty-ttyS0-hci0.device loaded active plugg
	  sys-devices-platform-ff180000.serial-tty-ttyS0.device loaded active plugged
	  sys-devices-platform-fiq_debugger.0-tty-ttyFIQ0.device loaded active plugged
	  sys-devices-platform-hdmi\x2ddp\x2dsound-sound-card0.device loaded active plug
	  sys-devices-platform-spdif\x2dsound-sound-card1.device loaded active plugged
	  sys-devices-virtual-block-ram0.device loaded active plugged   /sys/devices/vir
	  sys-devices-virtual-block-zram0.device loaded active plugged   /sys/devices/vi
	  sys-devices-virtual-block-zram1.device loaded active plugged   /sys/devices/vi
	  sys-devices-virtual-block-zram2.device loaded active plugged   /sys/devices/vi
	  sys-devices-virtual-block-zram3.device loaded active plugged   /sys/devices/vi
	  sys-devices-virtual-block-zram4.device loaded active plugged   /sys/devices/vi
	  sys-devices-virtual-block-zram5.device loaded active plugged   /sys/devices/vi
	  sys-devices-virtual-misc-rfkill.device loaded active plugged   /sys/devices/vi
	  sys-devices-virtual-net-dummy0.device loaded active plugged   /sys/devices/vir
	  sys-module-configfs.device  loaded active plugged   /sys/module/configfs
	  sys-module-fuse.device      loaded active plugged   /sys/module/fuse
	  sys-subsystem-bluetooth-devices-hci0.device loaded active plugged   /sys/subsy
	  sys-subsystem-net-devices-dummy0.device loaded active plugged   /sys/subsystem
	  sys-subsystem-net-devices-eth0.device loaded active plugged   /sys/subsystem/n
	  sys-subsystem-net-devices-wlan0.device loaded active plugged   /sys/subsystem/
	  -.mount                     loaded active mounted   Root Mount
	  dev-hugepages.mount         loaded active mounted   Huge Pages File System
	  dev-mqueue.mount            loaded active mounted   POSIX Message Queue File S
	  run-user-1000.mount         loaded active mounted   /run/user/1000
	  sys-fs-fuse-connections.mount loaded active mounted   FUSE Control File System
	  sys-kernel-config.mount     loaded active mounted   Kernel Configuration File
	  sys-kernel-debug.mount      loaded active mounted   Kernel Debug File System
	  tmp.mount                   loaded active mounted   /tmp
	  resolvconf-pull-resolved.path loaded active waiting   resolvconf-pull-resolved
	  systemd-ask-password-plymouth.path loaded active waiting   Forward Password Re
	  systemd-ask-password-wall.path loaded active waiting   Forward Password Reques
	  init.scope                  loaded active running   System and Service Manager
	  session-c1.scope            loaded active running   Session c1 of user khadas
	  alsa-restore.service        loaded active exited    Save/Restore Sound Card St
	  bluetooth-khadas.service    loaded active running   Khadas Bluetooth service
	  bluetooth.service           loaded active running   Bluetooth service
	  chrony.service              loaded active running   chrony, an NTP client/serv
	  console-setup.service       loaded active exited    Set console font and keyma
	  cpufrequtils.service        loaded active exited    LSB: set CPUFreq kernel pa
	  cron.service                loaded active running   Regular background program
	  dbus.service                loaded active running   D-Bus System Message Bus
	  fake-hwclock.service        loaded active exited    Restore / save the current
	  fenix-hardware-optimize.service loaded active exited    Fenix hardware optimiz
	  fenix-zram-config.service   loaded active exited    Fenix ZRAM config
	  getty@tty1.service          loaded active running   Getty on tty1
	  haveged.service             loaded active running   Entropy daemon using the H
	  hddtemp.service             loaded active exited    LSB: disk temperature moni
	  keyboard-setup.service      loaded active exited    Set the console keyboard l
	  loadcpufreq.service         loaded active exited    LSB: Load kernel modules n
	  ModemManager.service        loaded active running   Modem Manager
	  networkd-dispatcher.service loaded active running   Dispatcher daemon for syst
	  networking.service          loaded active exited    Raise network interfaces
	‚óè NetworkManager-wait-online.service loaded failed failed    Network Manager Wai
	  NetworkManager.service      loaded active running   Network Manager
	  polkit.service              loaded active running   Authorization Manager
	  rc-local.service            loaded active exited    /etc/rc.local Compatibilit
	  resolvconf.service          loaded active exited    Nameserver information man
	  rng-tools.service           loaded active exited    rng-tools.service
	  rsyslog.service             loaded active running   System Logging Service
	  serial-getty@ttyFIQ0.service loaded active running   Serial Getty on ttyFIQ0
	  setvtrgb.service            loaded active exited    Set console scheme
	  ssh.service                 loaded active running   OpenBSD Secure Shell serve
	  sysfsutils.service          loaded active exited    LSB: Set sysfs variables f
	  sysstat.service             loaded active exited    Resets System Activity Dat
	  systemd-journal-flush.service loaded active exited    Flush Journal to Persist
	  systemd-journald.service    loaded active running   Journal Service
	  systemd-logind.service      loaded active running   Login Service
	  systemd-modules-load.service loaded active exited    Load Kernel Modules
	  systemd-random-seed.service loaded active exited    Load/Save Random Seed
	  systemd-remount-fs.service  loaded active exited    Remount Root and Kernel Fi
	  systemd-resolved.service    loaded active running   Network Name Resolution
	  systemd-sysctl.service      loaded active exited    Apply Kernel Variables
	  systemd-tmpfiles-setup-dev.service loaded active exited    Create Static Devic
	  systemd-tmpfiles-setup.service loaded active exited    Create Volatile Files a
	  systemd-udev-trigger.service loaded active exited    udev Coldplug all Devices
	  systemd-udevd.service       loaded active running   udev Kernel Device Manager
	  systemd-update-utmp.service loaded active exited    Update UTMP about System B
	  systemd-user-sessions.service loaded active exited    Permit User Sessions
	  unattended-upgrades.service loaded active running   Unattended Upgrades Shutdo
	  user@1000.service           loaded active running   User Manager for UID 1000
	  wpa_supplicant.service      loaded active running   WPA supplicant
	  -.slice                     loaded active active    Root Slice
	  system-getty.slice          loaded active active    system-getty.slice
	  system-serial\x2dgetty.slice loaded active active    system-serial\x2dgetty.sl
	  system.slice                loaded active active    System Slice
	  user-1000.slice             loaded active active    User Slice of khadas
	  user.slice                  loaded active active    User and Session Slice
	  dbus.socket                 loaded active running   D-Bus System Message Bus S
	  syslog.socket               loaded active running   Syslog Socket
	  systemd-fsckd.socket        loaded active listening fsck to fsckd communicatio
	  systemd-initctl.socket      loaded active listening /dev/initctl Compatibility
	  systemd-journald-dev-log.socket loaded active running   Journal Socket (/dev/l
	  systemd-journald.socket     loaded active running   Journal Socket
	  systemd-rfkill.socket       loaded active listening Load/Save RF Kill Switch S
	  systemd-udevd-control.socket loaded active running   udev Control Socket
	  systemd-udevd-kernel.socket loaded active running   udev Kernel Socket
	  dev-zram1.swap              loaded active active    /dev/zram1
	  dev-zram2.swap              loaded active active    /dev/zram2
	  dev-zram3.swap              loaded active active    /dev/zram3
	  dev-zram4.swap              loaded active active    /dev/zram4
	  basic.target                loaded active active    Basic System
	  bluetooth.target            loaded active active    Bluetooth
	  cryptsetup.target           loaded active active    Local Encrypted Volumes
	  getty.target                loaded active active    Login Prompts
	  graphical.target            loaded active active    Graphical Interface
	  local-fs-pre.target         loaded active active    Local File Systems (Pre)
	  local-fs.target             loaded active active    Local File Systems
	  multi-user.target           loaded active active    Multi-User System
	  network-online.target       loaded active active    Network is Online
	  network-pre.target          loaded active active    Network (Pre)
	  network.target              loaded active active    Network
	  nss-lookup.target           loaded active active    Host and Network Name Look
	  paths.target                loaded active active    Paths
	  remote-fs.target            loaded active active    Remote File Systems
	  slices.target               loaded active active    Slices
	  sockets.target              loaded active active    Sockets
	  sound.target                loaded active active    Sound Card
	  swap.target                 loaded active active    Swap
	  sysinit.target              loaded active active    System Initialization
	  time-sync.target            loaded active active    System Time Synchronized
	  timers.target               loaded active active    Timers
	  apt-daily-upgrade.timer     loaded active waiting   Daily apt upgrade and clea
	  apt-daily.timer             loaded active waiting   Daily apt download activit
	  fstrim.timer                loaded active waiting   Discard unused blocks once
	  motd-news.timer             loaded active waiting   Message of the Day
	  systemd-tmpfiles-clean.timer loaded active waiting   Daily Cleanup of Temporar

	LOAD   = Reflects whether the unit definition was properly loaded.
	ACTIVE = The high-level unit activation state, i.e. generalization of SUB.
	SUB    = The low-level unit activation state, values depend on unit type.

	139 loaded units listed. Pass --all to see loaded but inactive units, too.
	To show all installed unit files use 'systemctl list-unit-files'.

----------------------------------------------------------------------------------------------------------------------
khadas@Khadas:~$ systemctl --type=service --state=active

	UNIT                            LOAD   ACTIVE SUB     DESCRIPTION
	alsa-restore.service            loaded active exited  Save/Restore Sound Card St
	bluetooth-khadas.service        loaded active running Khadas Bluetooth service
	bluetooth.service               loaded active running Bluetooth service
	chrony.service                  loaded active running chrony, an NTP client/serv
	console-setup.service           loaded active exited  Set console font and keyma
	cpufrequtils.service            loaded active exited  LSB: set CPUFreq kernel pa
	cron.service                    loaded active running Regular background program
	dbus.service                    loaded active running D-Bus System Message Bus
	fake-hwclock.service            loaded active exited  Restore / save the current
	fenix-hardware-optimize.service loaded active exited  Fenix hardware optimizatio
	fenix-zram-config.service       loaded active exited  Fenix ZRAM config
	getty@tty1.service              loaded active running Getty on tty1
	haveged.service                 loaded active running Entropy daemon using the H
	hddtemp.service                 loaded active exited  LSB: disk temperature moni
	keyboard-setup.service          loaded active exited  Set the console keyboard l
	loadcpufreq.service             loaded active exited  LSB: Load kernel modules n
	ModemManager.service            loaded active running Modem Manager
	networkd-dispatcher.service     loaded active running Dispatcher daemon for syst
	networking.service              loaded active exited  Raise network interfaces
	NetworkManager.service          loaded active running Network Manager
	polkit.service                  loaded active running Authorization Manager
	rc-local.service                loaded active exited  /etc/rc.local Compatibilit
	resolvconf.service              loaded active exited  Nameserver information man
	rng-tools.service               loaded active exited  rng-tools.service
	rsyslog.service                 loaded active running System Logging Service
	serial-getty@ttyFIQ0.service    loaded active running Serial Getty on ttyFIQ0
	setvtrgb.service                loaded active exited  Set console scheme
	ssh.service                     loaded active running OpenBSD Secure Shell serve
	sysfsutils.service              loaded active exited  LSB: Set sysfs variables f
	sysstat.service                 loaded active exited  Resets System Activity Dat
	systemd-journal-flush.service   loaded active exited  Flush Journal to Persisten
	systemd-journald.service        loaded active running Journal Service
	systemd-logind.service          loaded active running Login Service
	systemd-modules-load.service    loaded active exited  Load Kernel Modules
	systemd-random-seed.service     loaded active exited  Load/Save Random Seed
	systemd-remount-fs.service      loaded active exited  Remount Root and Kernel Fi
	systemd-resolved.service        loaded active running Network Name Resolution
	systemd-sysctl.service          loaded active exited  Apply Kernel Variables
	systemd-tmpfiles-setup-dev.service loaded active exited  Create Static Device No
	systemd-tmpfiles-setup.service  loaded active exited  Create Volatile Files and
	systemd-udev-trigger.service    loaded active exited  udev Coldplug all Devices
	systemd-udevd.service           loaded active running udev Kernel Device Manager
	systemd-update-utmp.service     loaded active exited  Update UTMP about System B
	systemd-user-sessions.service   loaded active exited  Permit User Sessions
	unattended-upgrades.service     loaded active running Unattended Upgrades Shutdo
	user@1000.service               loaded active running User Manager for UID 1000
	wpa_supplicant.service          loaded active running WPA supplicant

	LOAD   = Reflects whether the unit definition was properly loaded.
	ACTIVE = The high-level unit activation state, i.e. generalization of SUB.
	SUB    = The low-level unit activation state, values depend on unit type.

	47 loaded units listed. Pass --all to see loaded but inactive units, too.
	To show all installed unit files use 'systemctl list-unit-files'.
	lines 33-55/55 (END)

----------------------------------------------------------------------------------------------------------------------
khadas@Khadas:~$ cat /etc/modules
	bcmdhd
	aufs

khadas@Khadas:~$ cat /etc/modules-load.d/modules.conf
	bcmdhd
	aufs

khadas@Khadas:~$ uname -r
	4.4.194
	
khadas@Khadas:~$ /lib/mod
	modprobe.d/ modules/
	
khadas@Khadas:~$ /lib/mod
	modprobe.d/ modules/
	
khadas@Khadas:~$ /lib/modules/4.4.194/
	build/  kernel/
	
khadas@Khadas:~$ /lib/modules/4.4.194/kernel/
	crypto/  drivers/ fs/
	
khadas@Khadas:~$ /lib/modules/4.4.194/kernel/drivers/
	block/ md/    net/   usb/
